[nina-carducci.github.io/index.html]
[nina-carducci.github.io/assets/bootstrap/bootstrap.css]
[nina-carducci.github.io/assets/style.css]
[nina-carducci.github.io/assets/bootstrap/bootstrap.bundle.js]
[code.jquery.com/jquery-3.4.1.min.js]
[nina-carducci.github.io/assets/maugallery.js]
[nina-carducci.github.io/assets/scripts.js]
[backblue.gif]
[fade.gif]
[index.html]
[nina-carducci.github.io/assets/images/instagram.png]
[nina-carducci.github.io/assets/images/slider/ryoji-iwata-wUZjnOv7t0g-unsplash.jpg]
[nina-carducci.github.io/assets/images/slider/nicholas-green-nPz8akkUmDI-unsplash.jpg]
[nina-carducci.github.io/assets/images/slider/edward-cisneros-3_h6-1NPDGw-unsplash.jpg]
[nina-carducci.github.io/assets/images/nina.png]
[nina-carducci.github.io/assets/images/gallery/concerts/aaron-paul-wnX-fXzB6Cw-unsplash.jpg]
[nina-carducci.github.io/assets/images/gallery/entreprise/ali-morshedlou-WMD64tMfc4k-unsplash.jpg]
[nina-carducci.github.io/assets/images/gallery/entreprise/jason-goodman-tHO1_OuKbg0-unsplash.jpg]
[nina-carducci.github.io/assets/images/gallery/mariage/hannah-busing-RvF2R_qMpRk-unsplash.jpg]
[nina-carducci.github.io/assets/images/gallery/portraits/ade-tunji-rVkhWWZFAtQ-unsplash.jpg]
[nina-carducci.github.io/assets/images/gallery/mariage/jakob-owens-SiniLJkXhMc-unsplash.jpg]
[nina-carducci.github.io/assets/images/gallery/portraits/nino-van-prattenburg--443cl1uR_8-unsplash.jpg]
[nina-carducci.github.io/assets/images/gallery/concerts/austin-neill-hgO1wFPXl3I-unsplash.jpg]
[nina-carducci.github.io/assets/images/gallery/entreprise/mateus-campos-felipe-Fsgzm8N0hIY-unsplash.jpg]
[nina-carducci.github.io/assets/images/camera.png]
[nina-carducci.github.io/index.html]
[nina-carducci.github.io/assets/bootstrap/bootstrap.css]
[nina-carducci.github.io/assets/style.css]
